02:00:19 **** Incremental Build of configuration Debug for project G491RE_rtos_test1 ****
make -j8 all 
arm-none-eabi-gcc "../Core/Src/main.c" -mcpu=cortex-m4 -std=gnu11 -g3 -DDEBUG -DUSE_NUCLEO_64 -DUSE_HAL_DRIVER -DSTM32G491xx -c -I../Core/Inc -I../Drivers/STM32G4xx_HAL_Driver/Inc -I../Drivers/STM32G4xx_HAL_Driver/Inc/Legacy -I../Drivers/BSP/STM32G4xx_Nucleo -I../Drivers/CMSIS/Device/ST/STM32G4xx/Include -I../Drivers/CMSIS/Include -I../Middlewares/Third_Party/FreeRTOS/Source/include -I../Middlewares/Third_Party/FreeRTOS/Source/CMSIS_RTOS_V2 -I../Middlewares/Third_Party/FreeRTOS/Source/portable/GCC/ARM_CM4F -O0 -ffunction-sections -fdata-sections -Wall -fstack-usage -fcyclomatic-complexity -MMD -MP -MF"Core/Src/main.d" -MT"Core/Src/main.o" --specs=nano.specs -mfpu=fpv4-sp-d16 -mfloat-abi=hard -mthumb -o "Core/Src/main.o"
arm-none-eabi-gcc -o "G491RE_rtos_test1.elf" @"objects.list"   -mcpu=cortex-m4 -T"C:\Users\AA\Desktop\GIT_STM\G491RE_rtos_test1\STM32G491RETX_FLASH.ld" --specs=nosys.specs -Wl,-Map="G491RE_rtos_test1.map" -Wl,--gc-sections -static --specs=nano.specs -mfpu=fpv4-sp-d16 -mfloat-abi=hard -mthumb -Wl,--start-group -lc -lm -Wl,--end-group
Finished building target: G491RE_rtos_test1.elf
 
arm-none-eabi-size  G491RE_rtos_test1.elf 
arm-none-eabi-objdump -h -S G491RE_rtos_test1.elf  > "G491RE_rtos_test1.list"
   text	   data	    bss	    dec	    hex	filename
  30076	    128	   8808	  39012	   9864	G491RE_rtos_test1.elf
Finished building: default.size.stdout
 
Finished building: G491RE_rtos_test1.list
 

02:00:20 Build Finished. 0 errors, 0 warnings. (took 812ms)

